AR registerfille arquitecturaregisterfille C:/Users/Melissa/Documents/Arquitectura/Ejercicios_Xilinx/Procesador_Mono_Ciclo/RegisterFille.vhd sub00/vhpl09 1461799357
AR seu arquitecturaseu C:/Users/Melissa/Documents/Arquitectura/Ejercicios_Xilinx/Procesador_Mono_Ciclo/SEU.vhd sub00/vhpl13 1461799361
EN seu NULL C:/Users/Melissa/Documents/Arquitectura/Ejercicios_Xilinx/Procesador_Mono_Ciclo/SEU.vhd sub00/vhpl12 1461799360
EN porcesadromonociclo NULL C:/Users/Melissa/Documents/Arquitectura/Ejercicios_Xilinx/Procesador_Mono_Ciclo/PorcesadorMonoCiclo.vhd sub00/vhpl16 1461799364
AR npc arquitecturanpc C:/Users/Melissa/Documents/Arquitectura/Ejercicios_Xilinx/Procesador_Mono_Ciclo/NPC.vhd sub00/vhpl03 1461799351
EN unidadcontrol NULL C:/Users/Melissa/Documents/Arquitectura/Ejercicios_Xilinx/Procesador_Mono_Ciclo/UnidadControl.vhd sub00/vhpl06 1461799354
AR unidadcontrol arquitecturaunidadcontrol C:/Users/Melissa/Documents/Arquitectura/Ejercicios_Xilinx/Procesador_Mono_Ciclo/UnidadControl.vhd sub00/vhpl07 1461799355
AR alu arquitecturaalu C:/Users/Melissa/Documents/Arquitectura/Ejercicios_Xilinx/Procesador_Mono_Ciclo/ALU.vhd sub00/vhpl15 1461799363
AR porcesadromonociclo arquitecturaprocesadormonociclo C:/Users/Melissa/Documents/Arquitectura/Ejercicios_Xilinx/Procesador_Mono_Ciclo/PorcesadorMonoCiclo.vhd sub00/vhpl17 1461799365
EN registerfille NULL C:/Users/Melissa/Documents/Arquitectura/Ejercicios_Xilinx/Procesador_Mono_Ciclo/RegisterFille.vhd sub00/vhpl08 1461799356
AR mux arquitecturamux C:/Users/Melissa/Documents/Arquitectura/Ejercicios_Xilinx/Procesador_Mono_Ciclo/MUX.vhd sub00/vhpl11 1461799359
EN npc NULL C:/Users/Melissa/Documents/Arquitectura/Ejercicios_Xilinx/Procesador_Mono_Ciclo/NPC.vhd sub00/vhpl02 1461799350
EN add NULL C:/Users/Melissa/Documents/Arquitectura/Ejercicios_Xilinx/Procesador_Mono_Ciclo/ADD.vhd sub00/vhpl00 1461799348
AR add aruitecturasumador C:/Users/Melissa/Documents/Arquitectura/Ejercicios_Xilinx/Procesador_Mono_Ciclo/ADD.vhd sub00/vhpl01 1461799349
EN meomoriainstrucciones NULL C:/Users/Melissa/Documents/Arquitectura/Ejercicios_Xilinx/Procesador_Mono_Ciclo/MeomoriaInstrucciones.vhd sub00/vhpl04 1461799352
EN mux NULL C:/Users/Melissa/Documents/Arquitectura/Ejercicios_Xilinx/Procesador_Mono_Ciclo/MUX.vhd sub00/vhpl10 1461799358
AR meomoriainstrucciones arquiterturameminstrucciones C:/Users/Melissa/Documents/Arquitectura/Ejercicios_Xilinx/Procesador_Mono_Ciclo/MeomoriaInstrucciones.vhd sub00/vhpl05 1461799353
EN alu NULL C:/Users/Melissa/Documents/Arquitectura/Ejercicios_Xilinx/Procesador_Mono_Ciclo/ALU.vhd sub00/vhpl14 1461799362
